(W) 2025-08-31T06:04:32 - Failed to restore torrent. Files were probably moved or storage isn't accessible. Torrent: "Wednesday S02E04 720p x264-FENiX". Reason: "www.UIndex.org    -    Wednesday S02E04 720p x264-FENiX fast resume rejected. file_stat(/data/downloads/qbittorrent/completed/www.UIndex.org    -    Wednesday S02E04 720p x264-FENiX/Torrent Downloaded From     UIndex.org      .txt): mismatching file size"
(N) 2025-08-31T06:04:32 - Restored torrent. Torrent: "Wednesday S02E01 720p x264 FENiX EZTV"
(W) 2025-08-31T06:04:32 - Failed to restore torrent. Files were probably moved or storage isn't accessible. Torrent: "Wednesday S02E01 720p x264 FENiX EZTV". Reason: "Wednesday S02E01 720p x264-FENiX[EZTVx.to].mkv fast resume rejected. file_stat(/data/downloads/qbittorrent/completed/Wednesday S02E01 720p x264-FENiX[EZTVx.to].mkv): mismatching file size"
(N) 2025-08-31T06:04:32 - Restored torrent. Torrent: "Nobody 2 2025 1080p HDTS x264-RGB"
(W) 2025-08-31T06:04:32 - Failed to restore torrent. Files were probably moved or storage isn't accessible. Torrent: "Nobody 2 2025 1080p HDTS x264-RGB". Reason: "www.UIndex.org    -    Nobody 2 2025 1080p HDTS x264-RGB fast resume rejected. file_stat(/data/downloads/qbittorrent/completed/www.UIndex.org    -    Nobody 2 2025 1080p HDTS x264-RGB/Nobody 2 2025 1080p HDTS x264-RGB.mp4): mismatching file size"
(N) 2025-08-31T06:04:32 - Restored torrent. Torrent: "Squid Game S02E03 MULTI 480p x264 mSD EZTV"
(W) 2025-08-31T06:04:32 - Failed to restore torrent. Files were probably moved or storage isn't accessible. Torrent: "Squid Game S02E03 MULTI 480p x264 mSD EZTV". Reason: "Squid.Game.S02E03.MULTI.480p.x264-mSD[EZTVx.to].mkv fast resume rejected. file_stat(/data/downloads/qbittorrent/completed/Squid.Game.S02E03.MULTI.480p.x264-mSD[EZTVx.to].mkv): mismatching file size"
(N) 2025-08-31T06:04:32 - Restored torrent. Torrent: "Mission Impossible The Final Reckoning 2025 IMAX WebRip 720p x264"
(W) 2025-08-31T06:04:32 - Failed to restore torrent. Files were probably moved or storage isn't accessible. Torrent: "Mission Impossible The Final Reckoning 2025 IMAX WebRip 720p x264". Reason: "Mission.Impossible.The.Final.Reckoning.2025.IMAX.WebRip.720p.x264.[Hindi.English].AAC.ESub.mkv fast resume rejected. file_stat(/data/downloads/qbittorrent/completed/Mission.Impossible.The.Final.Reckoning.2025.IMAX.WebRip.720p.x264.[Hindi.English].AAC.ESub.mkv): mismatching file size"
(N) 2025-08-31T06:04:32 - Restored torrent. Torrent: "Wednesday S02E02 720p x264-FENiX"
(W) 2025-08-31T06:04:32 - Failed to restore torrent. Files were probably moved or storage isn't accessible. Torrent: "Wednesday S02E02 720p x264-FENiX". Reason: "www.UIndex.org    -    Wednesday S02E02 720p x264-FENiX fast resume rejected. file_stat(/data/downloads/qbittorrent/completed/www.UIndex.org    -    Wednesday S02E02 720p x264-FENiX/Torrent Downloaded From     UIndex.org      .txt): mismatching file size"
(N) 2025-08-31T06:04:32 - Restored torrent. Torrent: "Squid Game S02E02 MULTI 480p x264 mSD EZTV"
(W) 2025-08-31T06:04:32 - Failed to restore torrent. Files were probably moved or storage isn't accessible. Torrent: "Squid Game S02E02 MULTI 480p x264 mSD EZTV". Reason: "Squid.Game.S02E02.MULTI.480p.x264-mSD[EZTVx.to].mkv fast resume rejected. file_stat(/data/downloads/qbittorrent/completed/Squid.Game.S02E02.MULTI.480p.x264-mSD[EZTVx.to].mkv): mismatching file size"
(N) 2025-08-31T06:04:32 - Restored torrent. Torrent: "Thunderbolts 2025 576p WEBRip x265 AAC-SSN"
(W) 2025-08-31T06:04:32 - Failed to restore torrent. Files were probably moved or storage isn't accessible. Torrent: "Thunderbolts 2025 576p WEBRip x265 AAC-SSN". Reason: "Thunderbolts 2025 576p WEBRip x265 AAC-SSN fast resume rejected. file_stat(/data/downloads/qbittorrent/completed/Thunderbolts 2025 576p WEBRip x265 AAC-SSN/Thunderbolts 2025 576p WEBRip x265 AAC-SSN.mkv): mismatching file size"
(N) 2025-08-31T06:04:32 - Restored torrent. Torrent: "Nobody 2021 1080p BluRay x265 RARBG ORARBG"
(W) 2025-08-31T06:04:32 - Failed to restore torrent. Files were probably moved or storage isn't accessible. Torrent: "Nobody 2021 1080p BluRay x265 RARBG ORARBG". Reason: "Nobody.2021.1080p.BluRay.x265-RARBG fast resume rejected. file_stat(/data/downloads/qbittorrent/completed/Nobody.2021.1080p.BluRay.x265-RARBG/Nobody.2021.1080p.BluRay.x265-RARBG.mp4): mismatching file size"
(N) 2025-08-31T06:04:32 - Restored torrent. Torrent: "Squid Game S02E07 FINAL MULTI 480p x264 mSD EZTV"
(W) 2025-08-31T06:04:32 - Failed to restore torrent. Files were probably moved or storage isn't accessible. Torrent: "Squid Game S02E07 FINAL MULTI 480p x264 mSD EZTV". Reason: "Squid.Game.S02E07.FINAL.MULTI.480p.x264-mSD[EZTVx.to].mkv fast resume rejected. file_stat(/data/downloads/qbittorrent/completed/Squid.Game.S02E07.FINAL.MULTI.480p.x264-mSD[EZTVx.to].mkv): mismatching file size"
(N) 2025-08-31T06:04:32 - Restored torrent. Torrent: "Squid.Game.S02E05.720p.WEB.H264-SYLiX"
(W) 2025-08-31T06:04:32 - Failed to restore torrent. Files were probably moved or storage isn't accessible. Torrent: "Squid.Game.S02E05.720p.WEB.H264-SYLiX". Reason: "www.UIndex.org    -    Squid.Game.S02E05.720p.WEB.H264-SYLiX fast resume rejected. file_stat(/data/downloads/qbittorrent/completed/www.UIndex.org    -    Squid.Game.S02E05.720p.WEB.H264-SYLiX/Screens/screen0001.png): mismatching file size"
(N) 2025-08-31T06:04:32 - Restored torrent. Torrent: "Squid Game S02E01 480p x264 mSD EZTV"
(W) 2025-08-31T06:04:32 - Failed to restore torrent. Files were probably moved or storage isn't accessible. Torrent: "Squid Game S02E01 480p x264 mSD EZTV". Reason: "Squid.Game.S02E01.480p.x264-mSD[EZTVx.to].mkv fast resume rejected. file_stat(/data/downloads/qbittorrent/completed/tv-sonarr/Squid.Game.S02E01.480p.x264-mSD[EZTVx.to].mkv): mismatching file size"
(N) 2025-08-31T06:04:32 - Restored torrent. Torrent: "How to Train Your Dragon 2025 BDRip x264 D3US CheerfulTomato"
(W) 2025-08-31T06:04:32 - Failed to restore torrent. Files were probably moved or storage isn't accessible. Torrent: "How to Train Your Dragon 2025 BDRip x264 D3US CheerfulTomato". Reason: "How.to.Train.Your.Dragon.2025.BDRip.x264-D3US [CheerfulTomato] fast resume rejected. file_stat(/data/downloads/qbittorrent/completed/How.to.Train.Your.Dragon.2025.BDRip.x264-D3US [CheerfulTomato]/Proof/d3us-howtotrainyourdragon-proof1.jpg): mismatching file size"
(N) 2025-08-31T06:04:32 - Restored torrent. Torrent: "Squid Game S02E06 MULTI 1080p WEB X264 HiggsBoson EZTV"
(W) 2025-08-31T06:04:32 - Failed to restore torrent. Files were probably moved or storage isn't accessible. Torrent: "Squid Game S02E06 MULTI 1080p WEB X264 HiggsBoson EZTV". Reason: "Squid.Game.S02E06.MULTI.1080p.WEB.X264-HiggsBoson[EZTVx.to].mkv fast resume rejected. file_stat(/data/downloads/qbittorrent/completed/Squid.Game.S02E06.MULTI.1080p.WEB.X264-HiggsBoson[EZTVx.to].mkv): mismatching file size"
(N) 2025-08-31T06:04:32 - Restored torrent. Torrent: "Squid Game S02E04 MULTI 480p x264 mSD EZTV"
(W) 2025-08-31T06:04:32 - Failed to restore torrent. Files were probably moved or storage isn't accessible. Torrent: "Squid Game S02E04 MULTI 480p x264 mSD EZTV". Reason: "Squid.Game.S02E04.MULTI.480p.x264-mSD[EZTVx.to].mkv fast resume rejected. file_stat(/data/downloads/qbittorrent/completed/Squid.Game.S02E04.MULTI.480p.x264-mSD[EZTVx.to].mkv): mismatching file size"
(N) 2025-08-31T06:04:32 - Restored torrent. Torrent: "The Beekeeper 2024 1080p AMZN WEBRip 1400MB DD5 1 x264 GalaxyRG"
(W) 2025-08-31T06:04:32 - Failed to restore torrent. Files were probably moved or storage isn't accessible. Torrent: "The Beekeeper 2024 1080p AMZN WEBRip 1400MB DD5 1 x264 GalaxyRG". Reason: "The.Beekeeper.2024.1080p.AMZN.WEBRip.1400MB.DD5.1.x264-GalaxyRG[TGx] fast resume rejected. file_stat(/data/downloads/qbittorrent/completed/The.Beekeeper.2024.1080p.AMZN.WEBRip.1400MB.DD5.1.x264-GalaxyRG[TGx]/NEW upcoming releases by Xclusive.txt): mismatching file size"
(N) 2025-08-31T06:04:32 - Restored torrent. Torrent: "Jurassic World Rebirth (2025) 720p WEBRip-LAMA"
(W) 2025-08-31T06:04:32 - Failed to restore torrent. Files were probably moved or storage isn't accessible. Torrent: "Jurassic World Rebirth (2025) 720p WEBRip-LAMA". Reason: "www.UIndex.org    -    Jurassic World Rebirth (2025) 720p WEBRip-LAMA fast resume rejected. file_stat(/data/downloads/qbittorrent/completed/www.UIndex.org    -    Jurassic World Rebirth (2025) 720p WEBRip-LAMA/Jurassic.World.Rebirth.2025.720p.WEBRip.x264.AAC-LAMA.mp4): mismatching file size"
(N) 2025-08-31T06:04:32 - Restored torrent. Torrent: "Wrath.of.Man.2021.1080p.WEBRip.1400MB.DD5.1.x264-GalaxyRG ⭐"
(W) 2025-08-31T06:04:32 - Failed to restore torrent. Files were probably moved or storage isn't accessible. Torrent: "Wrath.of.Man.2021.1080p.WEBRip.1400MB.DD5.1.x264-GalaxyRG ⭐". Reason: "Wrath.of.Man.2021.1080p.WEBRip.1400MB.DD5.1.x264-GalaxyRG[TGx] fast resume rejected. file_stat(/data/downloads/qbittorrent/completed/Wrath.of.Man.2021.1080p.WEBRip.1400MB.DD5.1.x264-GalaxyRG[TGx]/Wrath.of.Man.2021.1080p.WEBRip.1400MB.DD5.1.x264-GalaxyRG.mkv): mismatching file size"
(N) 2025-08-31T06:04:32 - Restored torrent. Torrent: "F1 The Movie 2025 INTERNAL 1080p 10bit WEBRip 2CH X265 HEVC-PSA"
(N) 2025-08-31T06:04:32 - Restored torrent. Torrent: "Vigilante.S01.2023.Complete.1080p.DNSP.WEBRip.x264"
(W) 2025-08-31T06:04:32 - File error alert. Torrent: "F1 The Movie 2025 INTERNAL 1080p 10bit WEBRip 2CH X265 HEVC-PSA". File: "/data/downloads/qbittorrent/completed/www.UIndex.org    -    F1 The Movie 2025 INTERNAL 1080p 10bit WEBRip 2CH X265 HEVC-PSA/F1 The Movie 2025 INTERNAL 1080p 10bit WEBRip 2CH X265 HEVC-PSA.nfo". Reason: "www.UIndex.org    -    F1 The Movie 2025 INTERNAL 1080p 10bit WEBRip 2CH X265 HEVC-PSA file_open (/data/downloads/qbittorrent/completed/www.UIndex.org    -    F1 The Movie 2025 INTERNAL 1080p 10bit WEBRip 2CH X265 HEVC-PSA/F1 The Movie 2025 INTERNAL 1080p 10bit WEBRip 2CH X265 HEVC-PSA.nfo) error: Permission denied"
(W) 2025-08-31T06:04:32 - Failed to restore torrent. Files were probably moved or storage isn't accessible. Torrent: "F1 The Movie 2025 INTERNAL 1080p 10bit WEBRip 2CH X265 HEVC-PSA". Reason: "www.UIndex.org    -    F1 The Movie 2025 INTERNAL 1080p 10bit WEBRip 2CH X265 HEVC-PSA fast resume rejected. file_open(/data/downloads/qbittorrent/completed/www.UIndex.org    -    F1 The Movie 2025 INTERNAL 1080p 10bit WEBRip 2CH X265 HEVC-PSA/F1 The Movie 2025 INTERNAL 1080p 10bit WEBRip 2CH X265 HEVC-PSA.nfo): Permission denied"
(W) 2025-08-31T06:04:32 - Failed to restore torrent. Files were probably moved or storage isn't accessible. Torrent: "Vigilante.S01.2023.Complete.1080p.DNSP.WEBRip.x264". Reason: "Vigilante.S01.2023.Complete.1080p.DNSP.WEBRip.x264 fast resume rejected. file_stat(/mnt/hdd/downloads/qbittorrent/completed/Vigilante.S01.2023.Complete.1080p.DNSP.WEBRip.x264/Vigilante.S01E08.1080p.DNSP.WEBRip.x264.mkv): mismatching file size"
(N) 2025-08-31T06:04:32 - Restored torrent. Torrent: "A Working Man 2025 BDRiP x264 D3US"
(W) 2025-08-31T06:04:32 - Failed to restore torrent. Files were probably moved or storage isn't accessible. Torrent: "A Working Man 2025 BDRiP x264 D3US". Reason: "A.Working.Man.2025.BDRiP.x264-D3US fast resume rejected. file_stat(/mnt/hdd/downloads/qbittorrent/completed/A.Working.Man.2025.BDRiP.x264-D3US/Proof/d3us-workingman-480p-proof.jpg): mismatching file size"
(N) 2025-08-31T06:04:32 - Restored torrent. Torrent: "Ligaw 2025 1080p Tagalog WEB DL HEVC x265 BONE"
(W) 2025-08-31T06:04:32 - Failed to restore torrent. Files were probably moved or storage isn't accessible. Torrent: "Ligaw 2025 1080p Tagalog WEB DL HEVC x265 BONE". Reason: "Ligaw 2025 1080p Tagalog WEB-DL HEVC x265 BONE.mkv fast resume rejected. file_stat(/mnt/hdd/downloads/qbittorrent/completed/Ligaw 2025 1080p Tagalog WEB-DL HEVC x265 BONE.mkv): mismatching file size"
(N) 2025-08-31T06:04:32 - Restored torrent. Torrent: "Sorority 2025 1080p Tagalog WEB DL HEVC x265 BONE"
(W) 2025-08-31T06:04:32 - Failed to restore torrent. Files were probably moved or storage isn't accessible. Torrent: "Sorority 2025 1080p Tagalog WEB DL HEVC x265 BONE". Reason: "Sorority 2025 1080p Tagalog WEB-DL HEVC x265 BONE.mkv fast resume rejected. file_stat(/mnt/hdd/downloads/qbittorrent/completed/Sorority 2025 1080p Tagalog WEB-DL HEVC x265 BONE.mkv): mismatching file size"
(N) 2025-08-31T06:04:32 - Restored torrent. Torrent: "Wednesday S02E05 1080p WEB H264-SuccessfulCrab"
(W) 2025-08-31T06:04:32 - Failed to restore torrent. Files were probably moved or storage isn't accessible. Torrent: "Wednesday S02E05 1080p WEB H264-SuccessfulCrab". Reason: "Wednesday S02E05 1080p WEB H264-SuccessfulCrab fast resume rejected. file_stat(/mnt/hdd/downloads/qbittorrent/completed/Wednesday S02E05 1080p WEB H264-SuccessfulCrab/Wednesday S02E05 1080p WEB H264-SuccessfulCrab.iso): mismatching file size"
(N) 2025-08-31T06:04:32 - Restored torrent. Torrent: "Wednesday S02E05 1080p WEB H264-SuccessfulCrab"
(W) 2025-08-31T06:04:32 - Failed to restore torrent. Files were probably moved or storage isn't accessible. Torrent: "Wednesday S02E05 1080p WEB H264-SuccessfulCrab". Reason: "Wednesday S02E05 1080p WEB H264-SuccessfulCrab fast resume rejected. file_stat(/mnt/hdd/downloads/qbittorrent/completed/Wednesday S02E05 1080p WEB H264-SuccessfulCrab/Wednesday S02E05 1080p WEB H264-SuccessfulCrab.iso): mismatching file size"
(N) 2025-08-31T06:04:32 - Restored torrent. Torrent: "American.Pie.Presents.Girls.Rules.2020.1080p.BluRay.H264.AAC"
(W) 2025-08-31T06:04:32 - Failed to restore torrent. Files were probably moved or storage isn't accessible. Torrent: "American.Pie.Presents.Girls.Rules.2020.1080p.BluRay.H264.AAC". Reason: "American.Pie.Presents.Girls.Rules.2020.1080p.BluRay.H264.AAC-RARBG fast resume rejected. file_stat(/mnt/hdd/downloads/qbittorrent/completed/American.Pie.Presents.Girls.Rules.2020.1080p.BluRay.H264.AAC-RARBG/American.Pie.Presents.Girls.Rules.2020.1080p.BluRay.H264.AAC-RARBG.mp4): mismatching file size"
(N) 2025-08-31T06:04:32 - Restored torrent. Torrent: "The Witcher S03 S03 2023 1080p NF WEBRip AAC5.1 10bits x265-Rapta"
(W) 2025-08-31T06:04:32 - Failed to restore torrent. Files were probably moved or storage isn't accessible. Torrent: "The Witcher S03 S03 2023 1080p NF WEBRip AAC5.1 10bits x265-Rapta". Reason: "The Witcher - Season 3 fast resume rejected. file_stat(/mnt/hdd/downloads/qbittorrent/completed/The Witcher - Season 3/The Witcher - S03E02 - Unbound.mkv): mismatching file size"
(N) 2025-08-31T06:04:32 - Restored torrent. Torrent: "The.Witcher.S01.COMPLETE.720p.NF.WEBRip.x264-GalaxyTV"
(W) 2025-08-31T06:04:32 - Failed to restore torrent. Files were probably moved or storage isn't accessible. Torrent: "The.Witcher.S01.COMPLETE.720p.NF.WEBRip.x264-GalaxyTV". Reason: "The.Witcher.S01.COMPLETE.720p.NF.WEBRip.x264-GalaxyTV[TGx] fast resume rejected. file_stat(/mnt/hdd/downloads/qbittorrent/completed/The.Witcher.S01.COMPLETE.720p.NF.WEBRip.x264-GalaxyTV[TGx]/The.Witcher.S01E01.720p.NF.WEBRip.x264-GalaxyTV.mkv): mismatching file size"
(N) 2025-08-31T06:04:32 - Restored torrent. Torrent: "The.Witcher.S02.COMPLETE.720p.NF.WEBRip.x264-GalaxyTV"
(W) 2025-08-31T06:04:32 - Failed to restore torrent. Files were probably moved or storage isn't accessible. Torrent: "The.Witcher.S02.COMPLETE.720p.NF.WEBRip.x264-GalaxyTV". Reason: "The.Witcher.S02.COMPLETE.720p.NF.WEBRip.x264-GalaxyTV[TGx] fast resume rejected. file_stat(/mnt/hdd/downloads/qbittorrent/completed/The.Witcher.S02.COMPLETE.720p.NF.WEBRip.x264-GalaxyTV[TGx]/The.Witcher.S02E01.720p.NF.WEBRip.x264-GalaxyTV.mkv): mismatching file size"
(N) 2025-08-31T06:04:32 - Restored torrent. Torrent: "Legends of The Condor Heroes The Gallants 2025 1080p Chinese WEB"
(W) 2025-08-31T06:04:32 - Failed to restore torrent. Files were probably moved or storage isn't accessible. Torrent: "Legends of The Condor Heroes The Gallants 2025 1080p Chinese WEB". Reason: "Legends of The Condor Heroes The Gallants 2025 1080p Chinese WEB-DL HC HEVC x265 5.1 BONE.mkv fast resume rejected. file_stat(/mnt/hdd/downloads/qbittorrent/completed/Legends of The Condor Heroes The Gallants 2025 1080p Chinese WEB-DL HC HEVC x265 5.1 BONE.mkv): mismatching file size"
(N) 2025-08-31T06:04:32 - Restored torrent. Torrent: "Osiris 2025 1080p 10bit WEBRip 6CH x265 HEVC-PSA"
(W) 2025-08-31T06:04:32 - Failed to restore torrent. Files were probably moved or storage isn't accessible. Torrent: "Osiris 2025 1080p 10bit WEBRip 6CH x265 HEVC-PSA". Reason: "Osiris.2025.1080p.10bit.WEBRip.6CH.x265.HEVC-PSA fast resume rejected. file_stat(/mnt/hdd/downloads/qbittorrent/completed/Osiris.2025.1080p.10bit.WEBRip.6CH.x265.HEVC-PSA/Osiris.2025.1080p.10bit.WEBRip.6CH.x265.HEVC-PSA.mkv): mismatching file size"
(N) 2025-08-31T06:04:32 - Restored torrent. Torrent: "Superman 2025 576p WEBRip x265 AAC-SSN"
(W) 2025-08-31T06:04:32 - Failed to restore torrent. Files were probably moved or storage isn't accessible. Torrent: "Superman 2025 576p WEBRip x265 AAC-SSN". Reason: "Superman 2025 576p WEBRip x265 AAC-SSN fast resume rejected. file_stat(/mnt/hdd/downloads/qbittorrent/completed/Superman 2025 576p WEBRip x265 AAC-SSN/Superman 2025 576p WEBRip x265 AAC-SSN.mkv): mismatching file size"
(N) 2025-08-31T06:04:32 - Restored torrent. Torrent: "Tulsa.King.S01.COMPLETE.720p.AMZN.WEBRip.x264-GalaxyTV"
(N) 2025-08-31T06:04:32 - Restored torrent. Torrent: "Fast X 2023 576p BDRip x265 AC3-SSN"
(N) 2025-08-31T06:04:32 - Restored torrent. Torrent: "Tulsa King S02 480p x264 RUBiK"
(W) 2025-08-31T06:04:32 - Failed to restore torrent. Files were probably moved or storage isn't accessible. Torrent: "Fast X 2023 576p BDRip x265 AC3-SSN". Reason: "Fast X 2023 576p BDRip x265 AC3-SSN fast resume rejected. file_stat(/mnt/hdd/downloads/qbittorrent/completed/Fast X 2023 576p BDRip x265 AC3-SSN/Fast X 2023 576p BDRip x265 AC3-SSN.mkv): mismatching file size"
(W) 2025-08-31T06:04:32 - Failed to restore torrent. Files were probably moved or storage isn't accessible. Torrent: "Tulsa.King.S01.COMPLETE.720p.AMZN.WEBRip.x264-GalaxyTV". Reason: "Tulsa.King.S01.COMPLETE.720p.AMZN.WEBRip.x264-GalaxyTV[TGx] fast resume rejected. file_stat(/mnt/hdd/downloads/qbittorrent/completed/Tulsa.King.S01.COMPLETE.720p.AMZN.WEBRip.x264-GalaxyTV[TGx]/NEW upcoming releases by Xclusive.txt): mismatching file size"
(W) 2025-08-31T06:04:32 - Failed to restore torrent. Files were probably moved or storage isn't accessible. Torrent: "Tulsa King S02 480p x264 RUBiK". Reason: "Tulsa.King.S02.480p.x264-RUBiK fast resume rejected. file_stat(/mnt/hdd/downloads/qbittorrent/completed/Tulsa.King.S02.480p.x264-RUBiK/Tulsa.King.S02.480p.x264-RUBiK.nfo): mismatching file size"
(N) 2025-08-31T06:04:32 - Restored torrent. Torrent: "A.Shop.for.Killers.KOREAN.S01.2024.1080p.WEBRip.x265.HEVC-kkolev33"
(W) 2025-08-31T06:04:32 - Failed to restore torrent. Files were probably moved or storage isn't accessible. Torrent: "A.Shop.for.Killers.KOREAN.S01.2024.1080p.WEBRip.x265.HEVC-kkolev33". Reason: "A.Shop.for.Killers.KOREAN.S01.2024.1080p.WEBRip.x265.HEVC-kkolev33 fast resume rejected. file_stat(/mnt/hdd/downloads/qbittorrent/completed/A.Shop.for.Killers.KOREAN.S01.2024.1080p.WEBRip.x265.HEVC-kkolev33/A.Shop.for.Killers.KOREAN.S01E05.2024.1080p.WEBRip.x265.HEVC-kkolev33.mkv): mismatching file size"
(N) 2025-08-31T06:04:32 - Restored torrent. Torrent: "The.Thursday.Murder.Club.2025.WEB.H264.RBB.mp4"
(W) 2025-08-31T06:04:32 - Failed to restore torrent. Files were probably moved or storage isn't accessible. Torrent: "The.Thursday.Murder.Club.2025.WEB.H264.RBB.mp4". Reason: "The.Thursday.Murder.Club.2025.WEB.H264.RBB.mp4 fast resume rejected. file_stat(/mnt/hdd/downloads/qbittorrent/completed/The.Thursday.Murder.Club.2025.WEB.H264.RBB.mp4): mismatching file size"
(I) 2025-08-31T06:04:32 - IP geolocation database loaded. Type: DBIP-Country-Lite. Build time: Fri Aug 1 08:25:11 2025.
(N) 2025-08-31T06:04:32 - Using built-in WebUI.
(N) 2025-08-31T06:04:32 - WebUI translation for selected locale (en) has been successfully loaded.
(N) 2025-08-31T06:04:32 - WebUI: Now listening on IP: *, port: 8080
(N) 2025-08-31T06:04:46 - WebAPI login success. IP: ::ffff:172.39.0.1
(N) 2025-08-31T06:04:47 - WebAPI login success. IP: ::ffff:172.39.0.1
(N) 2025-08-31T18:48:26 - WebAPI login success. IP: ::ffff:172.39.0.1
